
> aviatortutor@0.1.0 build
> next build

  ▲ Next.js 14.2.33
  - Environments: .env

   Creating an optimized production build ...
 ✓ Compiled successfully
   Linting and checking validity of types ...
